9081
10
xxxxxxxxxxxxxxxxxxxxxxx
xxxxxxxxxxxxxxxxxxxxxxxxxxxxxxxxxxxxxxxxxxxxxxxxxx
xxxxxxxxxxxxxxxxxxxxxxxxxxxxxxxxxxxxxxxxxxxxxxxxxxxxxxxxxxxxxxxxxxxxxxxxxxxxxxxxxxxxxxxxxxxxxxxxxxxxxxxxxxxxxxxxxxxxxxxxxxxxxxxxxxxxxxxxxxxxxxxxxxxxxxxxxxxxxxxxxxxxxxxxxxxxxxxxxxxxxxxxxxxxxxxxxxxxxxxxsEA
xxxxx'Ixx
,xxxxx
xxxx
xxxB
xxxxxZVxxx:xxHxxxxxxx;hxOxGxx
xxxNx?Rxxxx!xxTxxx"Lx-xxxFXxxxxxx`xxxx.Sx
xxxxxCxQxxexx<Dxx>xxUxxMxPxxxxxxxxxxxxxxxxxxxxx
